3:My first attempt had an error due to wrong naming
